// Jest Snapshot v1, https://goo.gl/fbAQLP

exports[`NotFoundPage matches snapshot 1`] = `
<DocumentFragment>
  NotFoundPage
</DocumentFragment>
`;
