// Jest Snapshot v1, https://goo.gl/fbAQLP

exports[`renderRoute matches snapshot 1`] = `
<DocumentFragment>
  <div>
    <a
      class=""
      href="/strategy-visual-builder"
    >
      Strategy Visual Builder
    </a>
  </div>
</DocumentFragment>
`;
