// Jest Snapshot v1, https://goo.gl/fbAQLP

exports[`ProtectedRoute matches snapshot 1`] = `
<DocumentFragment>
  <div>
    Component
  </div>
</DocumentFragment>
`;

exports[`ProtectedRoute matches snapshot 2`] = `<DocumentFragment />`;
