// Jest Snapshot v1, https://goo.gl/fbAQLP

exports[`RouteTransitionLoader matches snapshot 1`] = `
<DocumentFragment>
  <div>
    RouteTransitionLoader
  </div>
</DocumentFragment>
`;
